// Jest Snapshot v1, https://goo.gl/fbAQLP

exports[`testing the ExpenseDashBoardPage 1`] = `<[object Object] />`;
