// Jest Snapshot v1, https://goo.gl/fbAQLP

exports[`testing the NotFoundPage 1`] = `
<h1>
  ERROR 404: NOT FOUND!
  <[object Object]
    to="/"
  >
     Go home
  </[object Object]>
</h1>
`;
